// Jest Snapshot v1, https://goo.gl/fbAQLP

exports[`validate options should throw an error on the "flags" option with "false" value 1`] = `
"Invalid options object. Node Loader has been initialized using an options object that does not match the API schema.
 - options.flags should be a integer.
   -> An integer value that allows to specify dlopen behavior.
   -> Read more at https://github.com/webpack-contrib/node-loader#flags"
`;

exports[`validate options should throw an error on the "flags" option with "test" value 1`] = `
"Invalid options object. Node Loader has been initialized using an options object that does not match the API schema.
 - options.flags should be a integer.
   -> An integer value that allows to specify dlopen behavior.
   -> Read more at https://github.com/webpack-contrib/node-loader#flags"
`;

exports[`validate options should throw an error on the "flags" option with "true" value 1`] = `
"Invalid options object. Node Loader has been initialized using an options object that does not match the API schema.
 - options.flags should be a integer.
   -> An integer value that allows to specify dlopen behavior.
   -> Read more at https://github.com/webpack-contrib/node-loader#flags"
`;

exports[`validate options should throw an error on the "name" option with "false" value 1`] = `
"Invalid options object. Node Loader has been initialized using an options object that does not match the API schema.
 - options.name should be one of these:
   string | function
   -> Specifies a custom filename template for the target file(s).
   -> Read more at https://github.com/webpack-contrib/node-loader#name
   Details:
    * options.name should be a string.
    * options.name should be an instance of function."
`;

exports[`validate options should throw an error on the "name" option with "true" value 1`] = `
"Invalid options object. Node Loader has been initialized using an options object that does not match the API schema.
 - options.name should be one of these:
   string | function
   -> Specifies a custom filename template for the target file(s).
   -> Read more at https://github.com/webpack-contrib/node-loader#name
   Details:
    * options.name should be a string.
    * options.name should be an instance of function."
`;

exports[`validate options should throw an error on the "unknown" option with "/test/" value 1`] = `
"Invalid options object. Node Loader has been initialized using an options object that does not match the API schema.
 - options has an unknown property 'unknown'. These properties are valid:
   object { name?, flags? }"
`;

exports[`validate options should throw an error on the "unknown" option with "[]" value 1`] = `
"Invalid options object. Node Loader has been initialized using an options object that does not match the API schema.
 - options has an unknown property 'unknown'. These properties are valid:
   object { name?, flags? }"
`;

exports[`validate options should throw an error on the "unknown" option with "{"foo":"bar"}" value 1`] = `
"Invalid options object. Node Loader has been initialized using an options object that does not match the API schema.
 - options has an unknown property 'unknown'. These properties are valid:
   object { name?, flags? }"
`;

exports[`validate options should throw an error on the "unknown" option with "{}" value 1`] = `
"Invalid options object. Node Loader has been initialized using an options object that does not match the API schema.
 - options has an unknown property 'unknown'. These properties are valid:
   object { name?, flags? }"
`;

exports[`validate options should throw an error on the "unknown" option with "1" value 1`] = `
"Invalid options object. Node Loader has been initialized using an options object that does not match the API schema.
 - options has an unknown property 'unknown'. These properties are valid:
   object { name?, flags? }"
`;

exports[`validate options should throw an error on the "unknown" option with "false" value 1`] = `
"Invalid options object. Node Loader has been initialized using an options object that does not match the API schema.
 - options has an unknown property 'unknown'. These properties are valid:
   object { name?, flags? }"
`;

exports[`validate options should throw an error on the "unknown" option with "test" value 1`] = `
"Invalid options object. Node Loader has been initialized using an options object that does not match the API schema.
 - options has an unknown property 'unknown'. These properties are valid:
   object { name?, flags? }"
`;

exports[`validate options should throw an error on the "unknown" option with "true" value 1`] = `
"Invalid options object. Node Loader has been initialized using an options object that does not match the API schema.
 - options has an unknown property 'unknown'. These properties are valid:
   object { name?, flags? }"
`;
